<?xml version="1.0" encoding="utf-8"?><testsuites><testsuite name="pytest" errors="0" failures="0" skipped="0" tests="4" time="2.934" timestamp="2024-12-29T19:10:02.612047+05:30" hostname="GoKU-PC"><testcase classname="auth_api.tests.redis.test_redis_funtions.TestDjangoRedis" name="test_clear_all_caches" time="1.740" /><testcase classname="auth_api.tests.redis.test_redis_funtions.TestDjangoRedis" name="test_add_data_in_cache" time="0.068" /><testcase classname="auth_api.tests.redis.test_redis_funtions.TestDjangoRedis" name="test_get_data_from_cache" time="0.064" /><testcase classname="auth_api.tests.redis.test_redis_funtions.TestDjangoRedis" name="test_get_ttl_from_cache" time="0.127" /></testsuite></testsuites>